This is XeTeX, Version 3.141592653-2.6-0.999998 (TeX Live 2026) (preloaded format=xelatex 2026.5.7)  28 MAY 2026 15:26
entering extended mode
 restricted \write18 enabled.
 %&-line parsing enabled.
**\scrollmode

*
(Please type a command or say `\end')
*\documentclass[12pt]{article}

*\let\paperwidthsave\paperwidth\let\paperwidth\undefined
(c:/Users/Spane/AppData/Roaming/TinyTeX/texmf-dist/tex/latex/base/article.cls
Document Class: article 2025/01/22 v1.4n Standard LaTeX document class
(c:/Users/Spane/AppData/Roaming/TinyTeX/texmf-dist/tex/latex/base/size12.clo
File: size12.clo 2025/01/22 v1.4n Standard LaTeX file (size option)
)
\c@part=\count271
\c@section=\count272
\c@subsection=\count273
\c@subsubsection=\count274
\c@paragraph=\count275
\c@subparagraph=\count276
\c@figure=\count277
\c@table=\count278
\abovecaptionskip=\skip49
\belowcaptionskip=\skip50
\bibindent=\dimen150
)
*\usepackage{graphicx}

*\let\paperwidth\paperwidthsave
(c:/Users/Spane/AppData/Roaming/TinyTeX/texmf-dist/tex/latex/graphics/graphicx.sty
Package: graphicx 2024/12/31 v1.2e Enhanced LaTeX Graphics (DPC,SPQR)
 (c:/Users/Spane/AppData/Roaming/TinyTeX/texmf-dist/tex/latex/graphics/keyval.sty
Package: keyval 2022/05/29 v1.15 key=value parser (DPC)
\KV@toks@=\toks17
) (c:/Users/Spane/AppData/Roaming/TinyTeX/texmf-dist/tex/latex/graphics/graphics.sty
Package: graphics 2024/08/06 v1.4g Standard LaTeX Graphics (DPC,SPQR)
 (c:/Users/Spane/AppData/Roaming/TinyTeX/texmf-dist/tex/latex/graphics/trig.sty
Package: trig 2023/12/02 v1.11 sin cos tan (DPC)
) (c:/Users/Spane/AppData/Roaming/TinyTeX/texmf-dist/tex/latex/graphics-cfg/graphics.cfg
File: graphics.cfg 2016/06/04 v1.11 sample graphics configuration
)
Package graphics Info: Driver file: xetex.def on input line 106.
 (c:/Users/Spane/AppData/Roaming/TinyTeX/texmf-dist/tex/latex/graphics-def/xetex.def
File: xetex.def 2025/11/01 v5.0p Graphics/color driver for xetex
))
\Gin@req@height=\dimen151
\Gin@req@width=\dimen152
)
*\newbox\ASYbox
\ASYbox=\box53

*\newdimen\ASYdimen
\ASYdimen=\dimen153

*\def\ASYprefix{}

*\long\def\ASYbase#1#2{\leavevmode\setbox\ASYbox=\hbox{#1}%\ASYdimen=\ht\ASYbox%

*\setbox\ASYbox=\hbox{#2}\lower\ASYdimen\box\ASYbox}

*\begin{document}
(c:/Users/Spane/AppData/Roaming/TinyTeX/texmf-dist/tex/latex/l3backend/l3backend-xetex.def
File: l3backend-xetex.def 2026-02-18 L3 backend support: XeTeX
\g__graphics_track_int=\count279
\g__pdfannot_backend_int=\count280
\g__pdfannot_backend_link_int=\count281
)
No file texput.aux.
\openout1 = `texput.aux'.

LaTeX Font Info:    Checking defaults for OML/cmm/m/it on input line 0.
LaTeX Font Info:    ... okay on input line 0.
LaTeX Font Info:    Checking defaults for OMS/cmsy/m/n on input line 0.
LaTeX Font Info:    ... okay on input line 0.
LaTeX Font Info:    Checking defaults for OT1/cmr/m/n on input line 0.
LaTeX Font Info:    ... okay on input line 0.
LaTeX Font Info:    Checking defaults for T1/cmr/m/n on input line 0.
LaTeX Font Info:    ... okay on input line 0.
LaTeX Font Info:    Checking defaults for TS1/cmr/m/n on input line 0.
LaTeX Font Info:    ... okay on input line 0.
LaTeX Font Info:    Checking defaults for TU/lmr/m/n on input line 0.
LaTeX Font Info:    ... okay on input line 0.
LaTeX Font Info:    Checking defaults for OMX/cmex/m/n on input line 0.
LaTeX Font Info:    ... okay on input line 0.
LaTeX Font Info:    Checking defaults for U/cmr/m/n on input line 0.
LaTeX Font Info:    ... okay on input line 0.

*\makeatletter%

*\let\ASYencoding\f@encoding%

*\let\ASYfamily\f@family%

*\let\ASYseries\f@series%

*\let\ASYshape\f@shape%

*\makeatother%

*\fontsize{13.0487}{15.6585}\selectfont%

*
(Please type a command or say `\end')
*\usefont{\ASYencoding}{\ASYfamily}{\ASYseries}{\ASYshape}%

*
(Please type a command or say `\end')
*\setbox\ASYbox=\hbox{$x$}
LaTeX Font Info:    Calculating math sizes for size <13.0487> on input line 0.

LaTeX Font Warning: Font shape `OT1/cmr/m/n' in size <13.0487> not available
(Font)              size <12> substituted on input line 0.


LaTeX Font Warning: Font shape `OT1/cmr/m/n' in size <6.52435> not available
(Font)              size <7> substituted on input line 0.


LaTeX Font Warning: Font shape `OML/cmm/m/it' in size <13.0487> not available
(Font)              size <12> substituted on input line 0.


LaTeX Font Warning: Font shape `OML/cmm/m/it' in size <6.52435> not available
(Font)              size <7> substituted on input line 0.


LaTeX Font Warning: Font shape `OMS/cmsy/m/n' in size <13.0487> not available
(Font)              size <12> substituted on input line 0.


LaTeX Font Warning: Font shape `OMS/cmsy/m/n' in size <6.52435> not available
(Font)              size <7> substituted on input line 0.

LaTeX Font Info:    External font `cmex10' loaded for size
(Font)              <13.0487> on input line 0.
LaTeX Font Info:    External font `cmex10' loaded for size
(Font)              <9.13405> on input line 0.
LaTeX Font Info:    External font `cmex10' loaded for size
(Font)              <6.52435> on input line 0.

*
(Please type a command or say `\end')
*\immediate\write16{>dim(\the\wd\ASYbox)dim}
>dim(6.67703pt)dim

*\immediate\write16{>dim(\the\ht\ASYbox)dim}
>dim(5.16667pt)dim

*\immediate\write16{>dim(\the\dp\ASYbox)dim}
>dim(0.0pt)dim

*\fontsize{13.0487}{15.6585}\selectfont%

*
(Please type a command or say `\end')
*\usefont{\ASYencoding}{\ASYfamily}{\ASYseries}{\ASYshape}%

*
(Please type a command or say `\end')
*\setbox\ASYbox=\hbox{$y$}

*
(Please type a command or say `\end')
*\immediate\write16{>dim(\the\wd\ASYbox)dim}
>dim(6.15965pt)dim

*\immediate\write16{>dim(\the\ht\ASYbox)dim}
>dim(5.16667pt)dim

*\immediate\write16{>dim(\the\dp\ASYbox)dim}
>dim(2.33331pt)dim

*\fontsize{13.0487}{15.6585}\selectfont%

*
(Please type a command or say `\end')
*\usefont{\ASYencoding}{\ASYfamily}{\ASYseries}{\ASYshape}%

*
(Please type a command or say `\end')
*\setbox\ASYbox=\hbox{$z$}

*
(Please type a command or say `\end')
*\immediate\write16{>dim(\the\wd\ASYbox)dim}
>dim(5.993pt)dim

*\immediate\write16{>dim(\the\ht\ASYbox)dim}
>dim(5.16667pt)dim

*\immediate\write16{>dim(\the\dp\ASYbox)dim}
>dim(0.0pt)dim

*\fontsize{14.0525}{16.863}\selectfont%

*
(Please type a command or say `\end')
*\usefont{\ASYencoding}{\ASYfamily}{\ASYseries}{\ASYshape}%

*
(Please type a command or say `\end')
*\setbox\ASYbox=\hbox{$\Sigma$}
LaTeX Font Info:    Calculating math sizes for size <14.0525> on input line 0.
LaTeX Font Info:    External font `cmex10' loaded for size
(Font)              <14.0525> on input line 0.
LaTeX Font Info:    External font `cmex10' loaded for size
(Font)              <9.8367> on input line 0.
LaTeX Font Info:    External font `cmex10' loaded for size
(Font)              <7.02625> on input line 0.

*
(Please type a command or say `\end')
*\immediate\write16{>dim(\the\wd\ASYbox)dim}
>dim(10.18321pt)dim

*\immediate\write16{>dim(\the\ht\ASYbox)dim}
>dim(9.84pt)dim

*\immediate\write16{>dim(\the\dp\ASYbox)dim}
>dim(0.0pt)dim

*\fontsize{13.0487}{15.6585}\selectfont%

*
(Please type a command or say `\end')
*\usefont{\ASYencoding}{\ASYfamily}{\ASYseries}{\ASYshape}%

*
(Please type a command or say `\end')
*\setbox\ASYbox=\hbox{$D_{xy}$}

*
(Please type a command or say `\end')
*\immediate\write16{>dim(\the\wd\ASYbox)dim}
>dim(20.37721pt)dim

*\immediate\write16{>dim(\the\ht\ASYbox)dim}
>dim(8.2pt)dim

*\immediate\write16{>dim(\the\dp\ASYbox)dim}
>dim(3.54999pt)dim

*\fontsize{12.045}{14.454}\selectfont%

*
(Please type a command or say `\end')
*\usefont{\ASYencoding}{\ASYfamily}{\ASYseries}{\ASYshape}%

*
(Please type a command or say `\end')
*\setbox\ASYbox=\hbox{$dS$}
LaTeX Font Info:    Calculating math sizes for size <12.045> on input line 0.

LaTeX Font Warning: Font shape `OT1/cmr/m/n' in size <8.43146> not available
(Font)              size <8> substituted on input line 0.


LaTeX Font Warning: Font shape `OML/cmm/m/it' in size <8.43146> not available
(Font)              size <8> substituted on input line 0.


LaTeX Font Warning: Font shape `OMS/cmsy/m/n' in size <8.43146> not available
(Font)              size <8> substituted on input line 0.

LaTeX Font Info:    External font `cmex10' loaded for size
(Font)              <12.045> on input line 0.
LaTeX Font Info:    External font `cmex10' loaded for size
(Font)              <8.43146> on input line 0.
LaTeX Font Info:    External font `cmex10' loaded for size
(Font)              <6.02249> on input line 0.

*
(Please type a command or say `\end')
*\immediate\write16{>dim(\the\wd\ASYbox)dim}
>dim(14.03043pt)dim

*\immediate\write16{>dim(\the\ht\ASYbox)dim}
>dim(8.33331pt)dim

*\immediate\write16{>dim(\the\dp\ASYbox)dim}
>dim(0.0pt)dim

*\fontsize{12.045}{14.454}\selectfont%

*
(Please type a command or say `\end')
*\usefont{\ASYencoding}{\ASYfamily}{\ASYseries}{\ASYshape}%

*
(Please type a command or say `\end')
*\setbox\ASYbox=\hbox{$dx\,dy$}

*
(Please type a command or say `\end')
*\immediate\write16{>dim(\the\wd\ASYbox)dim}
>dim(27.04765pt)dim

*\immediate\write16{>dim(\the\ht\ASYbox)dim}
>dim(8.33331pt)dim

*\immediate\write16{>dim(\the\dp\ASYbox)dim}
>dim(2.33331pt)dim

*\fontsize{13.0487}{15.6585}\selectfont%

*
(Please type a command or say `\end')
*\usefont{\ASYencoding}{\ASYfamily}{\ASYseries}{\ASYshape}%

*
(Please type a command or say `\end')
*\setbox\ASYbox=\hbox{$\mathbf{n}$}

LaTeX Font Warning: Font shape `OT1/cmr/bx/n' in size <13.0487> not available
(Font)              size <12> substituted on input line 0.


LaTeX Font Warning: Font shape `OT1/cmr/bx/n' in size <6.52435> not available
(Font)              size <7> substituted on input line 0.


*
(Please type a command or say `\end')
*\immediate\write16{>dim(\the\wd\ASYbox)dim}
>dim(7.5pt)dim

*\immediate\write16{>dim(\the\ht\ASYbox)dim}
>dim(5.33331pt)dim

*\immediate\write16{>dim(\the\dp\ASYbox)dim}
>dim(0.0pt)dim

*\fontsize{13.0487}{15.6585}\selectfont%

*
(Please type a command or say `\end')
*\usefont{\ASYencoding}{\ASYfamily}{\ASYseries}{\ASYshape}%

*
(Please type a command or say `\end')
*\setbox\ASYbox=\hbox{$\mathbf{k}$}

*
(Please type a command or say `\end')
*\immediate\write16{>dim(\the\wd\ASYbox)dim}
>dim(7.125pt)dim

*\immediate\write16{>dim(\the\ht\ASYbox)dim}
>dim(8.33331pt)dim

*\immediate\write16{>dim(\the\dp\ASYbox)dim}
>dim(0.0pt)dim

*\fontsize{11.0412}{13.2495}\selectfont%

*
(Please type a command or say `\end')
*\usefont{\ASYencoding}{\ASYfamily}{\ASYseries}{\ASYshape}%

*
(Please type a command or say `\end')
*\setbox\ASYbox=\hbox{$\gamma$}
LaTeX Font Info:    Calculating math sizes for size <11.0412> on input line 0.

LaTeX Font Warning: Font shape `OT1/cmr/m/n' in size <5.5206> not available
(Font)              size <6> substituted on input line 0.


LaTeX Font Warning: Font shape `OML/cmm/m/it' in size <5.5206> not available
(Font)              size <6> substituted on input line 0.


LaTeX Font Warning: Font shape `OMS/cmsy/m/n' in size <5.5206> not available
(Font)              size <6> substituted on input line 0.

LaTeX Font Info:    External font `cmex10' loaded for size
(Font)              <11.0412> on input line 0.
LaTeX Font Info:    External font `cmex10' loaded for size
(Font)              <7.72879> on input line 0.
LaTeX Font Info:    External font `cmex10' loaded for size
(Font)              <5.5206> on input line 0.

LaTeX Font Warning: Font shape `OT1/cmr/bx/n' in size <5.5206> not available
(Font)              size <6> substituted on input line 0.


*
(Please type a command or say `\end')
*\immediate\write16{>dim(\the\wd\ASYbox)dim}
>dim(6.27747pt)dim

*\immediate\write16{>dim(\the\ht\ASYbox)dim}
>dim(4.71457pt)dim

*\immediate\write16{>dim(\the\dp\ASYbox)dim}
>dim(2.12917pt)dim

*\fontsize{14.0525}{16.863}\selectfont%

*
(Please type a command or say `\end')
*\usefont{\ASYencoding}{\ASYfamily}{\ASYseries}{\ASYshape}%

*
(Please type a command or say `\end')
*\setbox\ASYbox=\hbox{$dS = \frac{dx\,dy}{\cos\gamma} = \sqrt{1+z_x^2+z_y^2}\,dx\,dy$}

*
(Please type a command or say `\end')
*\immediate\write16{>dim(\the\wd\ASYbox)dim}
>dim(192.3193pt)dim

*\immediate\write16{>dim(\the\ht\ASYbox)dim}
>dim(13.08885pt)dim

*\immediate\write16{>dim(\the\dp\ASYbox)dim}
>dim(6.91014pt)dim

*\fontsize{13.0487}{15.6585}\selectfont%

*
(Please type a command or say `\end')
*\usefont{\ASYencoding}{\ASYfamily}{\ASYseries}{\ASYshape}%

*
(Please type a command or say `\end')
*\setbox\ASYbox=\hbox{$x$}

*
(Please type a command or say `\end')
*\immediate\write16{>dim(\the\wd\ASYbox)dim}
>dim(6.67703pt)dim

*\immediate\write16{>dim(\the\ht\ASYbox)dim}
>dim(5.16667pt)dim

*\immediate\write16{>dim(\the\dp\ASYbox)dim}
>dim(0.0pt)dim

*\fontsize{13.0487}{15.6585}\selectfont%

*
(Please type a command or say `\end')
*\usefont{\ASYencoding}{\ASYfamily}{\ASYseries}{\ASYshape}%

*
(Please type a command or say `\end')
*\setbox\ASYbox=\hbox{$y$}

*
(Please type a command or say `\end')
*\immediate\write16{>dim(\the\wd\ASYbox)dim}
>dim(6.15965pt)dim

*\immediate\write16{>dim(\the\ht\ASYbox)dim}
>dim(5.16667pt)dim

*\immediate\write16{>dim(\the\dp\ASYbox)dim}
>dim(2.33331pt)dim

*\fontsize{13.0487}{15.6585}\selectfont%

*
(Please type a command or say `\end')
*\usefont{\ASYencoding}{\ASYfamily}{\ASYseries}{\ASYshape}%

*
(Please type a command or say `\end')
*\setbox\ASYbox=\hbox{$z$}

*
(Please type a command or say `\end')
*\immediate\write16{>dim(\the\wd\ASYbox)dim}
>dim(5.993pt)dim

*\immediate\write16{>dim(\the\ht\ASYbox)dim}
>dim(5.16667pt)dim

*\immediate\write16{>dim(\the\dp\ASYbox)dim}
>dim(0.0pt)dim

*\fontsize{14.0525}{16.863}\selectfont%

*
(Please type a command or say `\end')
*\usefont{\ASYencoding}{\ASYfamily}{\ASYseries}{\ASYshape}%

*
(Please type a command or say `\end')
*\setbox\ASYbox=\hbox{$\Sigma$}

*
(Please type a command or say `\end')
*\immediate\write16{>dim(\the\wd\ASYbox)dim}
>dim(10.18321pt)dim

*\immediate\write16{>dim(\the\ht\ASYbox)dim}
>dim(9.84pt)dim

*\immediate\write16{>dim(\the\dp\ASYbox)dim}
>dim(0.0pt)dim

*\fontsize{13.0487}{15.6585}\selectfont%

*
(Please type a command or say `\end')
*\usefont{\ASYencoding}{\ASYfamily}{\ASYseries}{\ASYshape}%

*
(Please type a command or say `\end')
*\setbox\ASYbox=\hbox{$D_{xy}$}

*
(Please type a command or say `\end')
*\immediate\write16{>dim(\the\wd\ASYbox)dim}
>dim(20.37721pt)dim

*\immediate\write16{>dim(\the\ht\ASYbox)dim}
>dim(8.2pt)dim

*\immediate\write16{>dim(\the\dp\ASYbox)dim}
>dim(3.54999pt)dim

*\fontsize{12.045}{14.454}\selectfont%

*
(Please type a command or say `\end')
*\usefont{\ASYencoding}{\ASYfamily}{\ASYseries}{\ASYshape}%

*
(Please type a command or say `\end')
*\setbox\ASYbox=\hbox{$dS$}

LaTeX Font Warning: Font shape `OT1/cmr/bx/n' in size <8.43146> not available
(Font)              size <8> substituted on input line 0.


*
(Please type a command or say `\end')
*\immediate\write16{>dim(\the\wd\ASYbox)dim}
>dim(14.03043pt)dim

*\immediate\write16{>dim(\the\ht\ASYbox)dim}
>dim(8.33331pt)dim

*\immediate\write16{>dim(\the\dp\ASYbox)dim}
>dim(0.0pt)dim

*\fontsize{12.045}{14.454}\selectfont%

*
(Please type a command or say `\end')
*\usefont{\ASYencoding}{\ASYfamily}{\ASYseries}{\ASYshape}%

*
(Please type a command or say `\end')
*\setbox\ASYbox=\hbox{$dx\,dy$}

*
(Please type a command or say `\end')
*\immediate\write16{>dim(\the\wd\ASYbox)dim}
>dim(27.04765pt)dim

*\immediate\write16{>dim(\the\ht\ASYbox)dim}
>dim(8.33331pt)dim

*\immediate\write16{>dim(\the\dp\ASYbox)dim}
>dim(2.33331pt)dim

*\fontsize{13.0487}{15.6585}\selectfont%

*
(Please type a command or say `\end')
*\usefont{\ASYencoding}{\ASYfamily}{\ASYseries}{\ASYshape}%

*
(Please type a command or say `\end')
*\setbox\ASYbox=\hbox{$\mathbf{n}$}

*
(Please type a command or say `\end')
*\immediate\write16{>dim(\the\wd\ASYbox)dim}
>dim(7.5pt)dim

*\immediate\write16{>dim(\the\ht\ASYbox)dim}
>dim(5.33331pt)dim

*\immediate\write16{>dim(\the\dp\ASYbox)dim}
>dim(0.0pt)dim

*\fontsize{13.0487}{15.6585}\selectfont%

*
(Please type a command or say `\end')
*\usefont{\ASYencoding}{\ASYfamily}{\ASYseries}{\ASYshape}%

*
(Please type a command or say `\end')
*\setbox\ASYbox=\hbox{$\mathbf{k}$}

*
(Please type a command or say `\end')
*\immediate\write16{>dim(\the\wd\ASYbox)dim}
>dim(7.125pt)dim

*\immediate\write16{>dim(\the\ht\ASYbox)dim}
>dim(8.33331pt)dim

*\immediate\write16{>dim(\the\dp\ASYbox)dim}
>dim(0.0pt)dim

*\fontsize{11.0412