This is XeTeX, Version 3.141592653-2.6-0.999998 (MiKTeX 26.2 Portable) (preloaded format=xelatex 2026.5.21)  22 MAY 2026 22:57
entering extended mode
 restricted \write18 enabled.
 %&-line parsing enabled.
**C:/Users/Spane/Desktop/prompt_base/circuit/circuit_example.tex
(C:/Users/Spane/Desktop/prompt_base/circuit/circuit_example.tex
LaTeX2e <2025-11-01>
L3 programming layer <2026-03-20>
(D:\soft\MiKTeXPortable\texmfs\install\tex/latex/standalone\standalone.cls
Document Class: standalone 2025/02/22 v1.5a Class to compile TeX sub-files stan
dalone
(D:\soft\MiKTeXPortable\texmfs\install\tex/latex/tools\shellesc.sty
Package: shellesc 2023/07/08 v1.0d unified shell escape interface for LaTeX
Package shellesc Info: Restricted shell escape enabled on input line 77.
)
(D:\soft\MiKTeXPortable\texmfs\install\tex/generic/iftex\ifluatex.sty
Package: ifluatex 2019/10/25 v1.5 ifluatex legacy package. Use iftex instead.

(D:\soft\MiKTeXPortable\texmfs\install\tex/generic/iftex\iftex.sty
Package: iftex 2024/12/12 v1.0g TeX engine tests
))
(D:\soft\MiKTeXPortable\texmfs\install\tex/latex/xkeyval\xkeyval.sty
Package: xkeyval 2022/06/16 v2.9 package option processing (HA)

(D:\soft\MiKTeXPortable\texmfs\install\tex/generic/xkeyval\xkeyval.tex
(D:\soft\MiKTeXPortable\texmfs\install\tex/generic/xkeyval\xkvutils.tex
\XKV@toks=\toks17
\XKV@tempa@toks=\toks18

(D:\soft\MiKTeXPortable\texmfs\install\tex/generic/xkeyval\keyval.tex))
\XKV@depth=\count271
File: xkeyval.tex 2014/12/03 v2.7a key=value parser (HA)
))
\sa@internal=\count272
\c@sapage=\count273

(D:\soft\MiKTeXPortable\texmfs\install\tex/latex/standalone\standalone.cfg
File: standalone.cfg 2025/02/22 v1.5a Default configuration file for 'standalon
e' class
)
(D:\soft\MiKTeXPortable\texmfs\install\tex/latex/base\article.cls
Document Class: article 2025/01/22 v1.4n Standard LaTeX document class
(D:\soft\MiKTeXPortable\texmfs\install\tex/latex/base\size10.clo
File: size10.clo 2025/01/22 v1.4n Standard LaTeX file (size option)
)
\c@part=\count274
\c@section=\count275
\c@subsection=\count276
\c@subsubsection=\count277
\c@paragraph=\count278
\c@subparagraph=\count279
\c@figure=\count280
\c@table=\count281
\abovecaptionskip=\skip49
\belowcaptionskip=\skip50
\bibindent=\dimen150
)
\sa@box=\box53
)
(D:\soft\MiKTeXPortable\texmfs\install\tex/latex/circuitikz\circuitikz.sty
Package: circuitikz 2026/02/04{} The CircuiTikz circuit drawing package version
 1.8.5

(D:\soft\MiKTeXPortable\texmfs\install\tex/latex/pgf/frontendlayer\tikz.sty
(D:\soft\MiKTeXPortable\texmfs\install\tex/latex/pgf/basiclayer\pgf.sty
(D:\soft\MiKTeXPortable\texmfs\install\tex/latex/pgf/utilities\pgfrcs.sty
(D:\soft\MiKTeXPortable\texmfs\install\tex/generic/pgf/utilities\pgfutil-common
.tex
\pgfutil@everybye=\toks19
\pgfutil@tempdima=\dimen151
\pgfutil@tempdimb=\dimen152
)
(D:\soft\MiKTeXPortable\texmfs\install\tex/generic/pgf/utilities\pgfutil-latex.
def
\pgfutil@abb=\box54
)
(D:\soft\MiKTeXPortable\texmfs\install\tex/generic/pgf/utilities\pgfrcs.code.te
x (D:\soft\MiKTeXPortable\texmfs\install\tex/generic/pgf\pgf.revision.tex)
Package: pgfrcs 2025-08-29 v3.1.11a (3.1.11a)
))
Package: pgf 2025-08-29 v3.1.11a (3.1.11a)

(D:\soft\MiKTeXPortable\texmfs\install\tex/latex/pgf/basiclayer\pgfcore.sty
(D:\soft\MiKTeXPortable\texmfs\install\tex/latex/graphics\graphicx.sty
Package: graphicx 2024/12/31 v1.2e Enhanced LaTeX Graphics (DPC,SPQR)

(D:\soft\MiKTeXPortable\texmfs\install\tex/latex/graphics\graphics.sty
Package: graphics 2024/08/06 v1.4g Standard LaTeX Graphics (DPC,SPQR)

(D:\soft\MiKTeXPortable\texmfs\install\tex/latex/graphics\trig.sty
Package: trig 2023/12/02 v1.11 sin cos tan (DPC)
)
(D:\soft\MiKTeXPortable\texmfs\install\tex/latex/graphics-cfg\graphics.cfg
File: graphics.cfg 2016/06/04 v1.11 sample graphics configuration
)
Package graphics Info: Driver file: xetex.def on input line 106.

(D:\soft\MiKTeXPortable\texmfs\install\tex/latex/graphics-def\xetex.def
File: xetex.def 2025/11/01 v5.0p Graphics/color driver for xetex
))
\Gin@req@height=\dimen153
\Gin@req@width=\dimen154
)
(D:\soft\MiKTeXPortable\texmfs\install\tex/latex/pgf/systemlayer\pgfsys.sty
(D:\soft\MiKTeXPortable\texmfs\install\tex/generic/pgf/systemlayer\pgfsys.code.
tex
Package: pgfsys 2025-08-29 v3.1.11a (3.1.11a)

(D:\soft\MiKTeXPortable\texmfs\install\tex/generic/pgf/utilities\pgfkeys.code.t
ex
\pgfkeys@pathtoks=\toks20
\pgfkeys@temptoks=\toks21

(D:\soft\MiKTeXPortable\texmfs\install\tex/generic/pgf/utilities\pgfkeyslibrary
filtered.code.tex
\pgfkeys@tmptoks=\toks22
))
\pgf@x=\dimen155
\pgf@y=\dimen156
\pgf@xa=\dimen157
\pgf@ya=\dimen158
\pgf@xb=\dimen159
\pgf@yb=\dimen160
\pgf@xc=\dimen161
\pgf@yc=\dimen162
\pgf@xd=\dimen163
\pgf@yd=\dimen164
\w@pgf@writea=\write3
\r@pgf@reada=\read2
\c@pgf@counta=\count282
\c@pgf@countb=\count283
\c@pgf@countc=\count284
\c@pgf@countd=\count285
\t@pgf@toka=\toks23
\t@pgf@tokb=\toks24
\t@pgf@tokc=\toks25
\pgf@sys@id@count=\count286

(D:\soft\MiKTeXPortable\texmfs\install\tex/generic/pgf/systemlayer\pgf.cfg
File: pgf.cfg 2025-08-29 v3.1.11a (3.1.11a)
)
Driver file for pgf: pgfsys-xetex.def

(D:\soft\MiKTeXPortable\texmfs\install\tex/generic/pgf/systemlayer\pgfsys-xetex
.def
File: pgfsys-xetex.def 2025-08-29 v3.1.11a (3.1.11a)

(D:\soft\MiKTeXPortable\texmfs\install\tex/generic/pgf/systemlayer\pgfsys-dvipd
fmx.def
File: pgfsys-dvipdfmx.def 2025-08-29 v3.1.11a (3.1.11a)

(D:\soft\MiKTeXPortable\texmfs\install\tex/generic/pgf/systemlayer\pgfsys-commo
n-pdf.def
File: pgfsys-common-pdf.def 2025-08-29 v3.1.11a (3.1.11a)
)
\pgfsys@objnum=\count287
)))
(D:\soft\MiKTeXPortable\texmfs\install\tex/generic/pgf/systemlayer\pgfsyssoftpa
th.code.tex
File: pgfsyssoftpath.code.tex 2025-08-29 v3.1.11a (3.1.11a)
\pgfsyssoftpath@smallbuffer@items=\count288
\pgfsyssoftpath@bigbuffer@items=\count289
)
(D:\soft\MiKTeXPortable\texmfs\install\tex/generic/pgf/systemlayer\pgfsysprotoc
ol.code.tex
File: pgfsysprotocol.code.tex 2025-08-29 v3.1.11a (3.1.11a)
))
(D:\soft\MiKTeXPortable\texmfs\install\tex/latex/xcolor\xcolor.sty
Package: xcolor 2024/09/29 v3.02 LaTeX color extensions (UK)

(D:\soft\MiKTeXPortable\texmfs\install\tex/latex/graphics-cfg\color.cfg
File: color.cfg 2016/01/02 v1.6 sample color configuration
)
Package xcolor Info: Driver file: xetex.def on input line 274.

(D:\soft\MiKTeXPortable\texmfs\install\tex/latex/graphics\mathcolor.ltx)
Package xcolor Info: Model `cmy' substituted by `cmy0' on input line 1349.
Package xcolor Info: Model `RGB' extended on input line 1365.
Package xcolor Info: Model `HTML' substituted by `rgb' on input line 1367.
Package xcolor Info: Model `Hsb' substituted by `hsb' on input line 1368.
Package xcolor Info: Model `tHsb' substituted by `hsb' on input line 1369.
Package xcolor Info: Model `HSB' substituted by `hsb' on input line 1370.
Package xcolor Info: Model `Gray' substituted by `gray' on input line 1371.
Package xcolor Info: Model `wave' substituted by `hsb' on input line 1372.
)
(D:\soft\MiKTeXPortable\texmfs\install\tex/generic/pgf/basiclayer\pgfcore.code.
tex
Package: pgfcore 2025-08-29 v3.1.11a (3.1.11a)

(D:\soft\MiKTeXPortable\texmfs\install\tex/generic/pgf/math\pgfmath.code.tex
(D:\soft\MiKTeXPortable\texmfs\install\tex/generic/pgf/math\pgfmathutil.code.te
x)
(D:\soft\MiKTeXPortable\texmfs\install\tex/generic/pgf/math\pgfmathparser.code.
tex
\pgfmath@dimen=\dimen165
\pgfmath@count=\count290
\pgfmath@box=\box55
\pgfmath@toks=\toks26
\pgfmath@stack@operand=\toks27
\pgfmath@stack@operation=\toks28
)
(D:\soft\MiKTeXPortable\texmfs\install\tex/generic/pgf/math\pgfmathfunctions.co
de.tex)
(D:\soft\MiKTeXPortable\texmfs\install\tex/generic/pgf/math\pgfmathfunctions.ba
sic.code.tex)
(D:\soft\MiKTeXPortable\texmfs\install\tex/generic/pgf/math\pgfmathfunctions.tr
igonometric.code.tex)
(D:\soft\MiKTeXPortable\texmfs\install\tex/generic/pgf/math\pgfmathfunctions.ra
ndom.code.tex)
(D:\soft\MiKTeXPortable\texmfs\install\tex/generic/pgf/math\pgfmathfunctions.co
mparison.code.tex)
(D:\soft\MiKTeXPortable\texmfs\install\tex/generic/pgf/math\pgfmathfunctions.ba
se.code.tex)
(D:\soft\MiKTeXPortable\texmfs\install\tex/generic/pgf/math\pgfmathfunctions.ro
und.code.tex)
(D:\soft\MiKTeXPortable\texmfs\install\tex/generic/pgf/math\pgfmathfunctions.mi
sc.code.tex)
(D:\soft\MiKTeXPortable\texmfs\install\tex/generic/pgf/math\pgfmathfunctions.in
tegerarithmetics.code.tex)
(D:\soft\MiKTeXPortable\texmfs\install\tex/generic/pgf/math\pgfmathcalc.code.te
x)
(D:\soft\MiKTeXPortable\texmfs\install\tex/generic/pgf/math\pgfmathfloat.code.t
ex
\c@pgfmathroundto@lastzeros=\count291
))
(D:\soft\MiKTeXPortable\texmfs\install\tex/generic/pgf/math\pgfint.code.tex)
(D:\soft\MiKTeXPortable\texmfs\install\tex/generic/pgf/basiclayer\pgfcorepoints
.code.tex
File: pgfcorepoints.code.tex 2025-08-29 v3.1.11a (3.1.11a)
\pgf@picminx=\dimen166
\pgf@picmaxx=\dimen167
\pgf@picminy=\dimen168
\pgf@picmaxy=\dimen169
\pgf@pathminx=\dimen170
\pgf@pathmaxx=\dimen171
\pgf@pathminy=\dimen172
\pgf@pathmaxy=\dimen173
\pgf@xx=\dimen174
\pgf@xy=\dimen175
\pgf@yx=\dimen176
\pgf@yy=\dimen177
\pgf@zx=\dimen178
\pgf@zy=\dimen179
)
(D:\soft\MiKTeXPortable\texmfs\install\tex/generic/pgf/basiclayer\pgfcorepathco
nstruct.code.tex
File: pgfcorepathconstruct.code.tex 2025-08-29 v3.1.11a (3.1.11a)
\pgf@path@lastx=\dimen180
\pgf@path@lasty=\dimen181
)
(D:\soft\MiKTeXPortable\texmfs\install\tex/generic/pgf/basiclayer\pgfcorepathus
age.code.tex
File: pgfcorepathusage.code.tex 2025-08-29 v3.1.11a (3.1.11a)
\pgf@shorten@end@additional=\dimen182
\pgf@shorten@start@additional=\dimen183
)
(D:\soft\MiKTeXPortable\texmfs\install\tex/generic/pgf/basiclayer\pgfcorescopes
.code.tex
File: pgfcorescopes.code.tex 2025-08-29 v3.1.11a (3.1.11a)
\pgfpic=\box56
\pgf@hbox=\box57
\pgf@layerbox@main=\box58
\pgf@picture@serial@count=\count292
)
(D:\soft\MiKTeXPortable\texmfs\install\tex/generic/pgf/basiclayer\pgfcoregraphi
cstate.code.tex
File: pgfcoregraphicstate.code.tex 2025-08-29 v3.1.11a (3.1.11a)
\pgflinewidth=\dimen184
)
(D:\soft\MiKTeXPortable\texmfs\install\tex/generic/pgf/basiclayer\pgfcoretransf
ormations.code.tex
File: pgfcoretransformations.code.tex 2025-08-29 v3.1.11a (3.1.11a)
\pgf@pt@x=\dimen185
\pgf@pt@y=\dimen186
\pgf@pt@temp=\dimen187
)
(D:\soft\MiKTeXPortable\texmfs\install\tex/generic/pgf/basiclayer\pgfcorequick.
code.tex
File: pgfcorequick.code.tex 2025-08-29 v3.1.11a (3.1.11a)
)
(D:\soft\MiKTeXPortable\texmfs\install\tex/generic/pgf/basiclayer\pgfcoreobject
s.code.tex
File: pgfcoreobjects.code.tex 2025-08-29 v3.1.11a (3.1.11a)
)
(D:\soft\MiKTeXPortable\texmfs\install\tex/generic/pgf/basiclayer\pgfcorepathpr
ocessing.code.tex
File: pgfcorepathprocessing.code.tex 2025-08-29 v3.1.11a (3.1.11a)
)
(D:\soft\MiKTeXPortable\texmfs\install\tex/generic/pgf/basiclayer\pgfcorearrows
.code.tex
File: pgfcorearrows.code.tex 2025-08-29 v3.1.11a (3.1.11a)
\pgfarrowsep=\dimen188
)
(D:\soft\MiKTeXPortable\texmfs\install\tex/generic/pgf/basiclayer\pgfcoreshade.
code.tex
File: pgfcoreshade.code.tex 2025-08-29 v3.1.11a (3.1.11a)
\pgf@max=\dimen189
\pgf@sys@shading@range@num=\count293
\pgf@shadingcount=\count294
)
(D:\soft\MiKTeXPortable\texmfs\install\tex/generic/pgf/basiclayer\pgfcoreimage.
code.tex
File: pgfcoreimage.code.tex 2025-08-29 v3.1.11a (3.1.11a)
)
(D:\soft\MiKTeXPortable\texmfs\install\tex/generic/pgf/basiclayer\pgfcoreextern
al.code.tex
File: pgfcoreexternal.code.tex 2025-08-29 v3.1.11a (3.1.11a)
\pgfexternal@startupbox=\box59
)
(D:\soft\MiKTeXPortable\texmfs\install\tex/generic/pgf/basiclayer\pgfcorelayers
.code.tex
File: pgfcorelayers.code.tex 2025-08-29 v3.1.11a (3.1.11a)
)
(D:\soft\MiKTeXPortable\texmfs\install\tex/generic/pgf/basiclayer\pgfcoretransp
arency.code.tex
File: pgfcoretransparency.code.tex 2025-08-29 v3.1.11a (3.1.11a)
)
(D:\soft\MiKTeXPortable\texmfs\install\tex/generic/pgf/basiclayer\pgfcorepatter
ns.code.tex
File: pgfcorepatterns.code.tex 2025-08-29 v3.1.11a (3.1.11a)
)
(D:\soft\MiKTeXPortable\texmfs\install\tex/generic/pgf/basiclayer\pgfcorerdf.co
de.tex
File: pgfcorerdf.code.tex 2025-08-29 v3.1.11a (3.1.11a)
)))
(D:\soft\MiKTeXPortable\texmfs\install\tex/generic/pgf/modules\pgfmoduleshapes.
code.tex
File: pgfmoduleshapes.code.tex 2025-08-29 v3.1.11a (3.1.11a)
\pgfnodeparttextbox=\box60
)
(D:\soft\MiKTeXPortable\texmfs\install\tex/generic/pgf/modules\pgfmoduleplot.co
de.tex
File: pgfmoduleplot.code.tex 2025-08-29 v3.1.11a (3.1.11a)
)
(D:\soft\MiKTeXPortable\texmfs\install\tex/latex/pgf/compatibility\pgfcomp-vers
ion-0-65.sty
Package: pgfcomp-version-0-65 2025-08-29 v3.1.11a (3.1.11a)
\pgf@nodesepstart=\dimen190
\pgf@nodesepend=\dimen191
)
(D:\soft\MiKTeXPortable\texmfs\install\tex/latex/pgf/compatibility\pgfcomp-vers
ion-1-18.sty
Package: pgfcomp-version-1-18 2025-08-29 v3.1.11a (3.1.11a)
))
(D:\soft\MiKTeXPortable\texmfs\install\tex/latex/pgf/utilities\pgffor.sty
(D:\soft\MiKTeXPortable\texmfs\install\tex/latex/pgf/utilities\pgfkeys.sty
(D:\soft\MiKTeXPortable\texmfs\install\tex/generic/pgf/utilities\pgfkeys.code.t
ex)) (D:\soft\MiKTeXPortable\texmfs\install\tex/latex/pgf/math\pgfmath.sty
(D:\soft\MiKTeXPortable\texmfs\install\tex/generic/pgf/math\pgfmath.code.tex))
(D:\soft\MiKTeXPortable\texmfs\install\tex/generic/pgf/utilities\pgffor.code.te
x
Package: pgffor 2025-08-29 v3.1.11a (3.1.11a)
\pgffor@iter=\dimen192
\pgffor@skip=\dimen193
\pgffor@stack=\toks29
\pgffor@toks=\toks30
))
(D:\soft\MiKTeXPortable\texmfs\install\tex/generic/pgf/frontendlayer/tikz\tikz.
code.tex
Package: tikz 2025-08-29 v3.1.11a (3.1.11a)

(D:\soft\MiKTeXPortable\texmfs\install\tex/generic/pgf/libraries\pgflibraryplot
handlers.code.tex
File: pgflibraryplothandlers.code.tex 2025-08-29 v3.1.11a (3.1.11a)
\pgf@plot@mark@count=\count295
\pgfplotmarksize=\dimen194
)
\tikz@lastx=\dimen195
\tikz@lasty=\dimen196
\tikz@lastxsaved=\dimen197
\tikz@lastysaved=\dimen198
\tikz@lastmovetox=\dimen199
\tikz@lastmovetoy=\dimen256
\tikzleveldistance=\dimen257
\tikzsiblingdistance=\dimen258
\tikz@figbox=\box61
\tikz@figbox@bg=\box62
\tikz@tempbox=\box63
\tikz@tempbox@bg=\box64
\tikztreelevel=\count296
\tikznumberofchildren=\count297
\tikznumberofcurrentchild=\count298
\tikz@fig@count=\count299

(D:\soft\MiKTeXPortable\texmfs\install\tex/generic/pgf/modules\pgfmodulematrix.
code.tex
File: pgfmodulematrix.code.tex 2025-08-29 v3.1.11a (3.1.11a)
\pgfmatrixcurrentrow=\count300
\pgfmatrixcurrentcolumn=\count301
\pgf@matrix@numberofcolumns=\count302
)
\tikz@expandcount=\count303

(D:\soft\MiKTeXPortable\texmfs\install\tex/generic/pgf/frontendlayer/tikz/libra
ries\tikzlibrarytopaths.code.tex
File: tikzlibrarytopaths.code.tex 2025-08-29 v3.1.11a (3.1.11a)
)))
(D:\soft\MiKTeXPortable\texmfs\install\tex/generic/pgf/frontendlayer/tikz/libra
ries\tikzlibrarycalc.code.tex
File: tikzlibrarycalc.code.tex 2025-08-29 v3.1.11a (3.1.11a)
)
(D:\soft\MiKTeXPortable\texmfs\install\tex/generic/pgf/libraries\pgflibraryarro
ws.meta.code.tex
File: pgflibraryarrows.meta.code.tex 2025-08-29 v3.1.11a (3.1.11a)
\pgfarrowinset=\dimen259
\pgfarrowlength=\dimen260
\pgfarrowwidth=\dimen261
\pgfarrowlinewidth=\dimen262
)
(D:\soft\MiKTeXPortable\texmfs\install\tex/generic/pgf/frontendlayer/tikz/libra
ries\tikzlibrarybending.code.tex
File: tikzlibrarybending.code.tex 2025-08-29 v3.1.11a (3.1.11a)

(D:\soft\MiKTeXPortable\texmfs\install\tex/generic/pgf/modules\pgfmodulebending
.code.tex
File: pgfmodulebending.code.tex 2025-08-29 v3.1.11a (3.1.11a)

(D:\soft\MiKTeXPortable\texmfs\install\tex/generic/pgf/modules\pgfmodulenonline
artransformations.code.tex
File: pgfmodulenonlineartransformations.code.tex 2025-08-29 v3.1.11a (3.1.11a)
\pgftransformnonlinearflatness=\dimen263
)
(D:\soft\MiKTeXPortable\texmfs\install\tex/generic/pgf/libraries\pgflibrarycurv
ilinear.code.tex
File: pgflibrarycurvilinear.code.tex 2025-08-29 v3.1.11a (3.1.11a)
\pgf@curvilinear@time@a=\dimen264
\pgf@curvilinear@length@a=\dimen265
\pgf@curvilinear@length@b=\dimen266
\pgf@curvilinear@length@c=\dimen267
\pgf@curvilinear@length@d=\dimen268
)
\pgf@arrows@the@rigidity=\dimen269
))
(D:\soft\MiKTeXPortable\texmfs\install\tex/generic/pgf/frontendlayer/tikz/libra
ries\tikzlibraryfpu.code.tex
(D:\soft\MiKTeXPortable\texmfs\install\tex/generic/pgf/libraries\pgflibraryfpu.
code.tex))
(D:\soft\MiKTeXPortable\texmfs\install\tex/generic/circuitikz\pgfcirc.defines.t
ex
\pgf@circ@count@a=\count304
\pgf@circ@count@b=\count305
\pgf@circ@count@c=\count306
\pgf@circ@res@up=\dimen270
\pgf@circ@res@down=\dimen271
\pgf@circ@res@zero=\dimen272
\pgf@circ@res@left=\dimen273
\pgf@circ@res@right=\dimen274
\pgf@circ@res@other=\dimen275
\pgf@circ@res@step=\dimen276
\pgf@circ@res@temp=\dimen277
\pgf@circ@Rlen=\dimen278
\pgf@circ@scaled@Rlen=\dimen279
\pgfstartlinewidth=\dimen280
)
(D:\soft\MiKTeXPortable\texmfs\install\tex/generic/circuitikz\pgfcircutils.tex
\ctikz@scratchbox=\box65
) (D:\soft\MiKTeXPortable\texmfs\install\tex/generic/circuitikz\pgfcircpath.tex
\ctikz@vif@count=\count307
)
(D:\soft\MiKTeXPortable\texmfs\install\tex/generic/circuitikz\pgfcircshapes.tex
)
(D:\soft\MiKTeXPortable\texmfs\install\tex/generic/circuitikz\pgfcircmonopoles.
tex)
(D:\soft\MiKTeXPortable\texmfs\install\tex/generic/circuitikz\pgfcircbipoles.te
x)
(D:\soft\MiKTeXPortable\texmfs\install\tex/generic/circuitikz\pgfcirctripoles.t
ex
\pgf@circ@res@count=\count308
)
(D:\soft\MiKTeXPortable\texmfs\install\tex/generic/circuitikz\pgfcircquadpoles.
tex)
(D:\soft\MiKTeXPortable\texmfs\install\tex/generic/circuitikz\pgfcircmultipoles
.tex)
(D:\soft\MiKTeXPortable\texmfs\install\tex/generic/circuitikz\pgfcirclabel.tex)

(D:\soft\MiKTeXPortable\texmfs\install\tex/generic/circuitikz\pgfcircvoltage.te
x
\pgfcirc@labelshift=\dimen281
)
(D:\soft\MiKTeXPortable\texmfs\install\tex/generic/circuitikz\pgfcirccurrent.te
x)
(D:\soft\MiKTeXPortable\texmfs\install\tex/generic/circuitikz\pgfcircflow.tex))
(D:\soft\MiKTeXPortable\texmfs\install\tex/latex/amsmath\amsmath.sty
Package: amsmath 2025/07/09 v2.17z AMS math features
\@mathmargin=\skip51

For additional information on amsmath, use the `?' option.
(D:\soft\MiKTeXPortable\texmfs\install\tex/latex/amsmath\amstext.sty
Package: amstext 2024/11/17 v2.01 AMS text

(D:\soft\MiKTeXPortable\texmfs\install\tex/latex/amsmath\amsgen.sty
File: amsgen.sty 1999/11/30 v2.0 generic functions
\@emptytoks=\toks31
\ex@=\dimen282
))
(D:\soft\MiKTeXPortable\texmfs\install\tex/latex/amsmath\amsbsy.sty
Package: amsbsy 1999/11/29 v1.2d Bold Symbols
\pmbraise@=\dimen283
)
(D:\soft\MiKTeXPortable\texmfs\install\tex/latex/amsmath\amsopn.sty
Package: amsopn 2022/04/08 v2.04 operator names
)
\inf@bad=\count309
LaTeX Info: Redefining \frac on input line 233.
\uproot@=\count310
\leftroot@=\count311
LaTeX Info: Redefining \overline on input line 398.
LaTeX Info: Redefining \colon on input line 409.
\classnum@=\count312
\DOTSCASE@=\count313
LaTeX Info: Redefining \ldots on input line 495.
LaTeX Info: Redefining \dots on input line 498.
LaTeX Info: Redefining \cdots on input line 619.
\Mathstrutbox@=\box66
\strutbox@=\box67
LaTeX Info: Redefining \big on input line 721.
LaTeX Info: Redefining \Big on input line 722.
LaTeX Info: Redefining \bigg on input line 723.
LaTeX Info: Redefining \Bigg on input line 724.
\big@size=\dimen284
LaTeX Font Info:    Redeclaring font encoding OML on input line 742.
LaTeX Font Info:    Redeclaring font encoding OMS on input line 743.
\macc@depth=\count314
LaTeX Info: Redefining \bmod on input line 904.
LaTeX Info: Redefining \pmod on input line 909.
LaTeX Info: Redefining \smash on input line 939.
LaTeX Info: Redefining \relbar on input line 969.
LaTeX Info: Redefining \Relbar on input line 970.
\c@MaxMatrixCols=\count315
\dotsspace@=\muskip17
\c@parentequation=\count316
\dspbrk@lvl=\count317
\tag@help=\toks32
\row@=\count318
\column@=\count319
\maxfields@=\count320
\andhelp@=\toks33
\eqnshift@=\dimen285
\alignsep@=\dimen286
\tagshift@=\dimen287
\tagwidth@=\dimen288
\totwidth@=\dimen289
\lineht@=\dimen290
\@envbody=\toks34
\multlinegap=\skip52
\multlinetaggap=\skip53
\mathdisplay@stack=\toks35
LaTeX Info: Redefining \[ on input line 2950.
LaTeX Info: Redefining \] on input line 2951.
)
(D:\soft\MiKTeXPortable\texmfs\install\tex/latex/l3backend\l3backend-xetex.def
File: l3backend-xetex.def 2026-02-18 L3 backend support: XeTeX
\g__graphics_track_int=\count321
\g__pdfannot_backend_int=\count322
\g__pdfannot_backend_link_int=\count323
) (circuit_example.aux)
\openout1 = `circuit_example.aux'.

LaTeX Font Info:    Checking defaults for OML/cmm/m/it on input line 6.
LaTeX Font Info:    ... okay on input line 6.
LaTeX Font Info:    Checking defaults for OMS/cmsy/m/n on input line 6.
LaTeX Font Info:    ... okay on input line 6.
LaTeX Font Info:    Checking defaults for OT1/cmr/m/n on input line 6.
LaTeX Font Info:    ... okay on input line 6.
LaTeX Font Info:    Checking defaults for T1/cmr/m/n on input line 6.
LaTeX Font Info:    ... okay on input line 6.
LaTeX Font Info:    Checking defaults for TS1/cmr/m/n on input line 6.
LaTeX Font Info:    ... okay on input line 6.
LaTeX Font Info:    Checking defaults for TU/lmr/m/n on input line 6.
LaTeX Font Info:    ... okay on input line 6.
LaTeX Font Info:    Checking defaults for OMX/cmex/m/n on input line 6.
LaTeX Font Info:    ... okay on input line 6.
LaTeX Font Info:    Checking defaults for U/cmr/m/n on input line 6.
LaTeX Font Info:    ... okay on input line 6.
\absvshift=\dimen291
 [1

] (circuit_example.aux)
 ***********
LaTeX2e <2025-11-01>
L3 programming layer <2026-03-20>
 ***********
 ) 
Here is how much of TeX's memory you used:
 32148 strings out of 402807
 840084 string characters out of 5446584
 1499302 words of memory out of 5000000
 60779 multiletter control sequences out of 15000+600000
 628199 words of font info for 45 fonts, out of 8000000 for 9000
 1348 hyphenation exceptions out of 8191
 117i,10n,121p,490b,879s stack positions out of 10000i,1000n,20000p,200000b,200000s

Output written on C:\Users\Spane\Desktop\prompt_base\circuit\circuit_example.pd
f (1 page).
